// Jest Snapshot v1, https://goo.gl/fbAQLP

exports[`<Profile /> matches snapshot 1`] = `
<div>
  <div
    class="sc-beySPh jyGxoC"
  />
</div>
`;
